
=== Mon May 12 17:02:26 2025

Packages were changed.
Update Mode: updateDependencies

The following packages were added:
  com.unity.ai.navigation@2.0.7
  com.unity.modules.accessibility@1.0.0
  com.unity.multiplayer.center@1.0.0
The following packages were updated:
  com.unity.ads from version 3.7.5 to 4.4.2
  com.unity.analytics from version 3.6.12 to 3.8.1
  com.unity.collab-proxy from version 1.15.17 to 2.7.1
  com.unity.ext.nunit from version 1.0.6 to 2.0.5
  com.unity.ide.rider from version 3.0.14 to 3.0.36
  com.unity.ide.visualstudio from version 2.0.15 to 2.0.23
  com.unity.postprocessing from version 3.2.2 to 3.4.0
  com.unity.purchasing from version 4.1.4 to 4.12.2
  com.unity.render-pipelines.universal from version 12.1.7 to 17.0.4
  com.unity.test-framework from version 1.1.31 to 1.5.1
  com.unity.timeline from version 1.6.4 to 1.8.7
  com.unity.ugui from version 1.0.0 to 2.0.0
  com.unity.visualeffectgraph from version 12.1.7 to 17.0.4
The following packages were removed:
  com.unity.textmeshpro@3.0.6
